node_modules/@types/aws-lambda/trigger/api-gateway-proxy.d.ts(217,71): error TS1010: '*/' expected.
